<?xml version="1.0" encoding="UTF-8"?>
<testsuites name="jest tests" tests="70" failures="4" errors="0" time="7.64">
  <testsuite name="Course Actions" errors="0" failures="0" skipped="0" timestamp="2024-08-19T13:33:17" time="3.539" tests="17">
    <testcase classname="Course Actions should create requestAllCourses action" name="Course Actions should create requestAllCourses action" time="0.028">
    </testcase>
    <testcase classname="Course Actions should create requestAllCoursesSuccess action" name="Course Actions should create requestAllCoursesSuccess action" time="0.005">
    </testcase>
    <testcase classname="Course Actions should create requestAllCoursesFail action" name="Course Actions should create requestAllCoursesFail action" time="0.004">
    </testcase>
    <testcase classname="Course Actions should create requestSingleCourse action" name="Course Actions should create requestSingleCourse action" time="0.003">
    </testcase>
    <testcase classname="Course Actions should create requestSingleCourseSuccess action" name="Course Actions should create requestSingleCourseSuccess action" time="0.003">
    </testcase>
    <testcase classname="Course Actions should create requestSingleCourseFail action" name="Course Actions should create requestSingleCourseFail action" time="0.003">
    </testcase>
    <testcase classname="Course Actions should create requestFilteredCourses action" name="Course Actions should create requestFilteredCourses action" time="0.004">
    </testcase>
    <testcase classname="Course Actions should create requestFilteredCoursesSuccess action" name="Course Actions should create requestFilteredCoursesSuccess action" time="0.003">
    </testcase>
    <testcase classname="Course Actions should create requestDeleteCourse action" name="Course Actions should create requestDeleteCourse action" time="0.004">
    </testcase>
    <testcase classname="Course Actions should create requestDeleteCourseSuccess action" name="Course Actions should create requestDeleteCourseSuccess action" time="0.002">
    </testcase>
    <testcase classname="Course Actions should create requestDeleteCourseFail action" name="Course Actions should create requestDeleteCourseFail action" time="0.002">
    </testcase>
    <testcase classname="Course Actions should create requestEditCourse action" name="Course Actions should create requestEditCourse action" time="0.002">
    </testcase>
    <testcase classname="Course Actions should create requestEditCourseSuccess action" name="Course Actions should create requestEditCourseSuccess action" time="0.003">
    </testcase>
    <testcase classname="Course Actions should create requestEditCourseFail action" name="Course Actions should create requestEditCourseFail action" time="0.001">
    </testcase>
    <testcase classname="Course Actions should create requestCreateCourse action" name="Course Actions should create requestCreateCourse action" time="0.001">
    </testcase>
    <testcase classname="Course Actions should create requestCreateCourseSuccess action" name="Course Actions should create requestCreateCourseSuccess action" time="0.002">
    </testcase>
    <testcase classname="Course Actions should create requestCreateCourseFail action" name="Course Actions should create requestCreateCourseFail action" time="0.001">
    </testcase>
  </testsuite>
  <testsuite name="CoursesEffects" errors="0" failures="0" skipped="0" timestamp="2024-08-19T13:33:17" time="3.974" tests="15">
    <testcase classname="CoursesEffects getAll$ should return requestAllCoursesSuccess action on success" name="CoursesEffects getAll$ should return requestAllCoursesSuccess action on success" time="0.027">
    </testcase>
    <testcase classname="CoursesEffects getAll$ should return requestAllCoursesFail action on failure" name="CoursesEffects getAll$ should return requestAllCoursesFail action on failure" time="0.004">
    </testcase>
    <testcase classname="CoursesEffects filteredCourses$ should return requestFilteredCoursesSuccess action on success" name="CoursesEffects filteredCourses$ should return requestFilteredCoursesSuccess action on success" time="0.003">
    </testcase>
    <testcase classname="CoursesEffects filteredCourses$ should return requestFilteredCoursesFail action on failure" name="CoursesEffects filteredCourses$ should return requestFilteredCoursesFail action on failure" time="0.002">
    </testcase>
    <testcase classname="CoursesEffects getSpecificCourse$ should return requestSingleCourseSuccess action on success" name="CoursesEffects getSpecificCourse$ should return requestSingleCourseSuccess action on success" time="0.002">
    </testcase>
    <testcase classname="CoursesEffects getSpecificCourse$ should return requestSingleCourseFail action on failure" name="CoursesEffects getSpecificCourse$ should return requestSingleCourseFail action on failure" time="0.002">
    </testcase>
    <testcase classname="CoursesEffects deleteCourse$ should return requestAllCourses action on success" name="CoursesEffects deleteCourse$ should return requestAllCourses action on success" time="0.002">
    </testcase>
    <testcase classname="CoursesEffects deleteCourse$ should return requestDeleteCourseFail action on failure" name="CoursesEffects deleteCourse$ should return requestDeleteCourseFail action on failure" time="0.002">
    </testcase>
    <testcase classname="CoursesEffects editCourse$ should return requestEditCourseSuccess action on success" name="CoursesEffects editCourse$ should return requestEditCourseSuccess action on success" time="0.002">
    </testcase>
    <testcase classname="CoursesEffects editCourse$ should return requestEditCourseFail action on failure" name="CoursesEffects editCourse$ should return requestEditCourseFail action on failure" time="0.003">
    </testcase>
    <testcase classname="CoursesEffects createCourse$ should return requestCreateCourseSuccess action on success" name="CoursesEffects createCourse$ should return requestCreateCourseSuccess action on success" time="0.001">
    </testcase>
    <testcase classname="CoursesEffects createCourse$ should return requestCreateCourseFail action on failure" name="CoursesEffects createCourse$ should return requestCreateCourseFail action on failure" time="0.001">
    </testcase>
    <testcase classname="CoursesEffects redirectToTheCoursesPage$ should navigate to /courses when requestCreateCourseSuccess action is dispatched" name="CoursesEffects redirectToTheCoursesPage$ should navigate to /courses when requestCreateCourseSuccess action is dispatched" time="0.002">
    </testcase>
    <testcase classname="CoursesEffects redirectToTheCoursesPage$ should navigate to /courses when requestEditCourseSuccess action is dispatched" name="CoursesEffects redirectToTheCoursesPage$ should navigate to /courses when requestEditCourseSuccess action is dispatched" time="0.001">
    </testcase>
    <testcase classname="CoursesEffects redirectToTheCoursesPage$ should navigate to /courses when requestSingleCourseFail action is dispatched" name="CoursesEffects redirectToTheCoursesPage$ should navigate to /courses when requestSingleCourseFail action is dispatched" time="0.005">
    </testcase>
  </testsuite>
  <testsuite name="Courses Reducer" errors="0" failures="4" skipped="0" timestamp="2024-08-19T13:33:20" time="0.667" tests="18">
    <testcase classname="Courses Reducer should set isAllCoursesLoading to true on requestAllCourses" name="Courses Reducer should set isAllCoursesLoading to true on requestAllCourses" time="0.002">
    </testcase>
    <testcase classname="Courses Reducer should set allCourses and isAllCoursesLoading to false on requestAllCoursesSuccess" name="Courses Reducer should set allCourses and isAllCoursesLoading to false on requestAllCoursesSuccess" time="0.002">
    </testcase>
    <testcase classname="Courses Reducer should set isAllCoursesLoading and errorMessage on requestAllCoursesFail" name="Courses Reducer should set isAllCoursesLoading and errorMessage on requestAllCoursesFail" time="0">
    </testcase>
    <testcase classname="Courses Reducer should set isSingleCourseLoading to true on requestSingleCourse" name="Courses Reducer should set isSingleCourseLoading to true on requestSingleCourse" time="0.001">
    </testcase>
    <testcase classname="Courses Reducer should set course and isSingleCourseLoading to false on requestSingleCourseSuccess" name="Courses Reducer should set course and isSingleCourseLoading to false on requestSingleCourseSuccess" time="0.001">
    </testcase>
    <testcase classname="Courses Reducer should set isSingleCourseLoading and errorMessage on requestSingleCourseFail" name="Courses Reducer should set isSingleCourseLoading and errorMessage on requestSingleCourseFail" time="0">
    </testcase>
    <testcase classname="Courses Reducer should set isAllCoursesLoading to true on requestFilteredCourses" name="Courses Reducer should set isAllCoursesLoading to true on requestFilteredCourses" time="0.002">
      <failure>Error: expect(received).toBe(expected) // Object.is equality

Expected: true
Received: false
    at C:\Users\Yuliia_Kruhliak\source\repos\angular-fundamentals-template\test\courses.reducer.spec.ts:60:43
    at _ZoneDelegate.Object.&lt;anonymous&gt;._ZoneDelegate.invoke (C:\Users\Yuliia_Kruhliak\source\repos\angular-fundamentals-template\node_modules\zone.js\bundles\zone.umd.js:412:30)
    at ProxyZoneSpec.Object.&lt;anonymous&gt;.ProxyZoneSpec.onInvoke (C:\Users\Yuliia_Kruhliak\source\repos\angular-fundamentals-template\node_modules\zone.js\bundles\zone-testing.umd.js:303:43)
    at _ZoneDelegate.Object.&lt;anonymous&gt;._ZoneDelegate.invoke (C:\Users\Yuliia_Kruhliak\source\repos\angular-fundamentals-template\node_modules\zone.js\bundles\zone.umd.js:411:56)
    at Zone.Object.&lt;anonymous&gt;.Zone.run (C:\Users\Yuliia_Kruhliak\source\repos\angular-fundamentals-template\node_modules\zone.js\bundles\zone.umd.js:169:47)
    at Object.wrappedFunc (C:\Users\Yuliia_Kruhliak\source\repos\angular-fundamentals-template\node_modules\zone.js\bundles\zone-testing.umd.js:803:34)
    at Promise.then.completed (C:\Users\Yuliia_Kruhliak\source\repos\angular-fundamentals-template\node_modules\jest-circus\build\utils.js:298:28)
    at new Promise (&lt;anonymous&gt;)
    at callAsyncCircusFn (C:\Users\Yuliia_Kruhliak\source\repos\angular-fundamentals-template\node_modules\jest-circus\build\utils.js:231:10)
    at _callCircusTest (C:\Users\Yuliia_Kruhliak\source\repos\angular-fundamentals-template\node_modules\jest-circus\build\run.js:316:40)
    at processTicksAndRejections (node:internal/process/task_queues:95:5)
    at _runTest (C:\Users\Yuliia_Kruhliak\source\repos\angular-fundamentals-template\node_modules\jest-circus\build\run.js:252:3)
    at _runTestsForDescribeBlock (C:\Users\Yuliia_Kruhliak\source\repos\angular-fundamentals-template\node_modules\jest-circus\build\run.js:126:9)
    at _runTestsForDescribeBlock (C:\Users\Yuliia_Kruhliak\source\repos\angular-fundamentals-template\node_modules\jest-circus\build\run.js:121:9)
    at run (C:\Users\Yuliia_Kruhliak\source\repos\angular-fundamentals-template\node_modules\jest-circus\build\run.js:71:3)
    at runAndTransformResultsToJestFormat (C:\Users\Yuliia_Kruhliak\source\repos\angular-fundamentals-template\node_modules\jest-circus\build\legacy-code-todo-rewrite\jestAdapterInit.js:122:21)</failure>
    </testcase>
    <testcase classname="Courses Reducer should set allCourses and isAllCoursesLoading to false on requestFilteredCoursesSuccess" name="Courses Reducer should set allCourses and isAllCoursesLoading to false on requestFilteredCoursesSuccess" time="0.001">
    </testcase>
    <testcase classname="Courses Reducer should set isAllCoursesLoading and errorMessage on requestFilteredCoursesFail" name="Courses Reducer should set isAllCoursesLoading and errorMessage on requestFilteredCoursesFail" time="0">
    </testcase>
    <testcase classname="Courses Reducer should clear errorMessage on requestDeleteCourse" name="Courses Reducer should clear errorMessage on requestDeleteCourse" time="0.001">
      <failure>Error: expect(received).toEqual(expected) // deep equality

Expected: &quot;&quot;
Received: null
    at C:\Users\Yuliia_Kruhliak\source\repos\angular-fundamentals-template\test\courses.reducer.spec.ts:81:36
    at _ZoneDelegate.Object.&lt;anonymous&gt;._ZoneDelegate.invoke (C:\Users\Yuliia_Kruhliak\source\repos\angular-fundamentals-template\node_modules\zone.js\bundles\zone.umd.js:412:30)
    at ProxyZoneSpec.Object.&lt;anonymous&gt;.ProxyZoneSpec.onInvoke (C:\Users\Yuliia_Kruhliak\source\repos\angular-fundamentals-template\node_modules\zone.js\bundles\zone-testing.umd.js:303:43)
    at _ZoneDelegate.Object.&lt;anonymous&gt;._ZoneDelegate.invoke (C:\Users\Yuliia_Kruhliak\source\repos\angular-fundamentals-template\node_modules\zone.js\bundles\zone.umd.js:411:56)
    at Zone.Object.&lt;anonymous&gt;.Zone.run (C:\Users\Yuliia_Kruhliak\source\repos\angular-fundamentals-template\node_modules\zone.js\bundles\zone.umd.js:169:47)
    at Object.wrappedFunc (C:\Users\Yuliia_Kruhliak\source\repos\angular-fundamentals-template\node_modules\zone.js\bundles\zone-testing.umd.js:803:34)
    at Promise.then.completed (C:\Users\Yuliia_Kruhliak\source\repos\angular-fundamentals-template\node_modules\jest-circus\build\utils.js:298:28)
    at new Promise (&lt;anonymous&gt;)
    at callAsyncCircusFn (C:\Users\Yuliia_Kruhliak\source\repos\angular-fundamentals-template\node_modules\jest-circus\build\utils.js:231:10)
    at _callCircusTest (C:\Users\Yuliia_Kruhliak\source\repos\angular-fundamentals-template\node_modules\jest-circus\build\run.js:316:40)
    at processTicksAndRejections (node:internal/process/task_queues:95:5)
    at _runTest (C:\Users\Yuliia_Kruhliak\source\repos\angular-fundamentals-template\node_modules\jest-circus\build\run.js:252:3)
    at _runTestsForDescribeBlock (C:\Users\Yuliia_Kruhliak\source\repos\angular-fundamentals-template\node_modules\jest-circus\build\run.js:126:9)
    at _runTestsForDescribeBlock (C:\Users\Yuliia_Kruhliak\source\repos\angular-fundamentals-template\node_modules\jest-circus\build\run.js:121:9)
    at run (C:\Users\Yuliia_Kruhliak\source\repos\angular-fundamentals-template\node_modules\jest-circus\build\run.js:71:3)
    at runAndTransformResultsToJestFormat (C:\Users\Yuliia_Kruhliak\source\repos\angular-fundamentals-template\node_modules\jest-circus\build\legacy-code-todo-rewrite\jestAdapterInit.js:122:21)</failure>
    </testcase>
    <testcase classname="Courses Reducer should not modify the state on requestDeleteCourseSuccess" name="Courses Reducer should not modify the state on requestDeleteCourseSuccess" time="0">
    </testcase>
    <testcase classname="Courses Reducer should set errorMessage on requestDeleteCourseFail" name="Courses Reducer should set errorMessage on requestDeleteCourseFail" time="0">
    </testcase>
    <testcase classname="Courses Reducer should clear errorMessage on requestEditCourse" name="Courses Reducer should clear errorMessage on requestEditCourse" time="0">
      <failure>Error: expect(received).toEqual(expected) // deep equality

Expected: &quot;&quot;
Received: null
    at C:\Users\Yuliia_Kruhliak\source\repos\angular-fundamentals-template\test\courses.reducer.spec.ts:100:36
    at _ZoneDelegate.Object.&lt;anonymous&gt;._ZoneDelegate.invoke (C:\Users\Yuliia_Kruhliak\source\repos\angular-fundamentals-template\node_modules\zone.js\bundles\zone.umd.js:412:30)
    at ProxyZoneSpec.Object.&lt;anonymous&gt;.ProxyZoneSpec.onInvoke (C:\Users\Yuliia_Kruhliak\source\repos\angular-fundamentals-template\node_modules\zone.js\bundles\zone-testing.umd.js:303:43)
    at _ZoneDelegate.Object.&lt;anonymous&gt;._ZoneDelegate.invoke (C:\Users\Yuliia_Kruhliak\source\repos\angular-fundamentals-template\node_modules\zone.js\bundles\zone.umd.js:411:56)
    at Zone.Object.&lt;anonymous&gt;.Zone.run (C:\Users\Yuliia_Kruhliak\source\repos\angular-fundamentals-template\node_modules\zone.js\bundles\zone.umd.js:169:47)
    at Object.wrappedFunc (C:\Users\Yuliia_Kruhliak\source\repos\angular-fundamentals-template\node_modules\zone.js\bundles\zone-testing.umd.js:803:34)
    at Promise.then.completed (C:\Users\Yuliia_Kruhliak\source\repos\angular-fundamentals-template\node_modules\jest-circus\build\utils.js:298:28)
    at new Promise (&lt;anonymous&gt;)
    at callAsyncCircusFn (C:\Users\Yuliia_Kruhliak\source\repos\angular-fundamentals-template\node_modules\jest-circus\build\utils.js:231:10)
    at _callCircusTest (C:\Users\Yuliia_Kruhliak\source\repos\angular-fundamentals-template\node_modules\jest-circus\build\run.js:316:40)
    at processTicksAndRejections (node:internal/process/task_queues:95:5)
    at _runTest (C:\Users\Yuliia_Kruhliak\source\repos\angular-fundamentals-template\node_modules\jest-circus\build\run.js:252:3)
    at _runTestsForDescribeBlock (C:\Users\Yuliia_Kruhliak\source\repos\angular-fundamentals-template\node_modules\jest-circus\build\run.js:126:9)
    at _runTestsForDescribeBlock (C:\Users\Yuliia_Kruhliak\source\repos\angular-fundamentals-template\node_modules\jest-circus\build\run.js:121:9)
    at run (C:\Users\Yuliia_Kruhliak\source\repos\angular-fundamentals-template\node_modules\jest-circus\build\run.js:71:3)
    at runAndTransformResultsToJestFormat (C:\Users\Yuliia_Kruhliak\source\repos\angular-fundamentals-template\node_modules\jest-circus\build\legacy-code-todo-rewrite\jestAdapterInit.js:122:21)</failure>
    </testcase>
    <testcase classname="Courses Reducer should update course on requestEditCourseSuccess" name="Courses Reducer should update course on requestEditCourseSuccess" time="0">
    </testcase>
    <testcase classname="Courses Reducer should set errorMessage on requestEditCourseFail" name="Courses Reducer should set errorMessage on requestEditCourseFail" time="0.001">
    </testcase>
    <testcase classname="Courses Reducer should clear errorMessage on requestCreateCourse" name="Courses Reducer should clear errorMessage on requestCreateCourse" time="0">
      <failure>Error: expect(received).toEqual(expected) // deep equality

Expected: &quot;&quot;
Received: null
    at C:\Users\Yuliia_Kruhliak\source\repos\angular-fundamentals-template\test\courses.reducer.spec.ts:119:34
    at _ZoneDelegate.Object.&lt;anonymous&gt;._ZoneDelegate.invoke (C:\Users\Yuliia_Kruhliak\source\repos\angular-fundamentals-template\node_modules\zone.js\bundles\zone.umd.js:412:30)
    at ProxyZoneSpec.Object.&lt;anonymous&gt;.ProxyZoneSpec.onInvoke (C:\Users\Yuliia_Kruhliak\source\repos\angular-fundamentals-template\node_modules\zone.js\bundles\zone-testing.umd.js:303:43)
    at _ZoneDelegate.Object.&lt;anonymous&gt;._ZoneDelegate.invoke (C:\Users\Yuliia_Kruhliak\source\repos\angular-fundamentals-template\node_modules\zone.js\bundles\zone.umd.js:411:56)
    at Zone.Object.&lt;anonymous&gt;.Zone.run (C:\Users\Yuliia_Kruhliak\source\repos\angular-fundamentals-template\node_modules\zone.js\bundles\zone.umd.js:169:47)
    at Object.wrappedFunc (C:\Users\Yuliia_Kruhliak\source\repos\angular-fundamentals-template\node_modules\zone.js\bundles\zone-testing.umd.js:803:34)
    at Promise.then.completed (C:\Users\Yuliia_Kruhliak\source\repos\angular-fundamentals-template\node_modules\jest-circus\build\utils.js:298:28)
    at new Promise (&lt;anonymous&gt;)
    at callAsyncCircusFn (C:\Users\Yuliia_Kruhliak\source\repos\angular-fundamentals-template\node_modules\jest-circus\build\utils.js:231:10)
    at _callCircusTest (C:\Users\Yuliia_Kruhliak\source\repos\angular-fundamentals-template\node_modules\jest-circus\build\run.js:316:40)
    at processTicksAndRejections (node:internal/process/task_queues:95:5)
    at _runTest (C:\Users\Yuliia_Kruhliak\source\repos\angular-fundamentals-template\node_modules\jest-circus\build\run.js:252:3)
    at _runTestsForDescribeBlock (C:\Users\Yuliia_Kruhliak\source\repos\angular-fundamentals-template\node_modules\jest-circus\build\run.js:126:9)
    at _runTestsForDescribeBlock (C:\Users\Yuliia_Kruhliak\source\repos\angular-fundamentals-template\node_modules\jest-circus\build\run.js:121:9)
    at run (C:\Users\Yuliia_Kruhliak\source\repos\angular-fundamentals-template\node_modules\jest-circus\build\run.js:71:3)
    at runAndTransformResultsToJestFormat (C:\Users\Yuliia_Kruhliak\source\repos\angular-fundamentals-template\node_modules\jest-circus\build\legacy-code-todo-rewrite\jestAdapterInit.js:122:21)</failure>
    </testcase>
    <testcase classname="Courses Reducer should set errorMessage on requestCreateCourseFail" name="Courses Reducer should set errorMessage on requestCreateCourseFail" time="0">
    </testcase>
    <testcase classname="Courses Reducer should return the current state by default" name="Courses Reducer should return the current state by default" time="0">
    </testcase>
  </testsuite>
  <testsuite name="CoursesStateFacade" errors="0" failures="0" skipped="0" timestamp="2024-08-19T13:33:21" time="0.728" tests="13">
    <testcase classname="CoursesStateFacade selectors should select isAllCoursesLoading" name="CoursesStateFacade selectors should select isAllCoursesLoading" time="0.019">
    </testcase>
    <testcase classname="CoursesStateFacade selectors should select isSingleCourseLoading" name="CoursesStateFacade selectors should select isSingleCourseLoading" time="0.002">
    </testcase>
    <testcase classname="CoursesStateFacade selectors should select isSearchingState" name="CoursesStateFacade selectors should select isSearchingState" time="0.002">
    </testcase>
    <testcase classname="CoursesStateFacade selectors should select courses" name="CoursesStateFacade selectors should select courses" time="0.002">
    </testcase>
    <testcase classname="CoursesStateFacade selectors should select allCourses" name="CoursesStateFacade selectors should select allCourses" time="0.002">
    </testcase>
    <testcase classname="CoursesStateFacade selectors should select course" name="CoursesStateFacade selectors should select course" time="0.001">
    </testcase>
    <testcase classname="CoursesStateFacade selectors should select errorMessage" name="CoursesStateFacade selectors should select errorMessage" time="0.001">
    </testcase>
    <testcase classname="CoursesStateFacade methods should dispatch requestAllCourses action when calling getAllCourses" name="CoursesStateFacade methods should dispatch requestAllCourses action when calling getAllCourses" time="0.002">
    </testcase>
    <testcase classname="CoursesStateFacade methods should dispatch requestSingleCourse action with the provided id when calling getSingleCourse" name="CoursesStateFacade methods should dispatch requestSingleCourse action with the provided id when calling getSingleCourse" time="0.003">
    </testcase>
    <testcase classname="CoursesStateFacade methods should dispatch requestFilteredCourses action with the provided searchValue when calling getFilteredCourses" name="CoursesStateFacade methods should dispatch requestFilteredCourses action with the provided searchValue when calling getFilteredCourses" time="0.002">
    </testcase>
    <testcase classname="CoursesStateFacade methods should dispatch requestEditCourse action with the provided body and id when calling editCourse" name="CoursesStateFacade methods should dispatch requestEditCourse action with the provided body and id when calling editCourse" time="0.002">
    </testcase>
    <testcase classname="CoursesStateFacade methods should dispatch requestCreateCourse action with the provided body when calling createCourse" name="CoursesStateFacade methods should dispatch requestCreateCourse action with the provided body when calling createCourse" time="0.002">
    </testcase>
    <testcase classname="CoursesStateFacade methods should dispatch requestDeleteCourse action with the provided id when calling deleteCourse" name="CoursesStateFacade methods should dispatch requestDeleteCourse action with the provided id when calling deleteCourse" time="0.001">
    </testcase>
  </testsuite>
  <testsuite name="Courses Selectors" errors="0" failures="0" skipped="0" timestamp="2024-08-19T13:33:21" time="0.458" tests="7">
    <testcase classname="Courses Selectors should select the courses feature state" name="Courses Selectors should select the courses feature state" time="0.002">
    </testcase>
    <testcase classname="Courses Selectors should select the isAllCoursesLoading state" name="Courses Selectors should select the isAllCoursesLoading state" time="0">
    </testcase>
    <testcase classname="Courses Selectors should select the isSearchingState state" name="Courses Selectors should select the isSearchingState state" time="0.001">
    </testcase>
    <testcase classname="Courses Selectors should select the isSingleCourseLoading state" name="Courses Selectors should select the isSingleCourseLoading state" time="0">
    </testcase>
    <testcase classname="Courses Selectors should select the allCourses state" name="Courses Selectors should select the allCourses state" time="0.001">
    </testcase>
    <testcase classname="Courses Selectors should select the course state" name="Courses Selectors should select the course state" time="0">
    </testcase>
    <testcase classname="Courses Selectors should select the error message state" name="Courses Selectors should select the error message state" time="0">
    </testcase>
  </testsuite>
</testsuites>